// Jest Snapshot v1, https://goo.gl/fbAQLP

exports[`<LinkTo /> <LinkTo> handlerSetInactive 1`] = `
<LinkTo
  classes={
    Object {
      "activeSpanClass": Object {},
      "activeTitle": Object {},
      "navigationItem": Object {},
      "scrollChor": Object {},
      "spanClass": Object {},
    }
  }
  enableNavigationItemClass={true}
  offset={100}
  title="title"
  to="to"
>
  <Link
    className="[object Object]"
    duration={500}
    offset={100}
    onSetActive={[Function]}
    onSetInactive={[Function]}
    smooth={true}
    spy={true}
    to="to"
  >
    <div>
      <span
        className=""
      >
        title
      </span>
      <span
        className=""
      />
    </div>
  </Link>
</LinkTo>
`;

exports[`<LinkTo /> <LinkTo> handlerSetInactive 2`] = `
<LinkTo
  classes={
    Object {
      "activeSpanClass": Object {},
      "activeTitle": Object {},
      "navigationItem": Object {},
      "scrollChor": Object {},
      "spanClass": Object {},
    }
  }
  enableNavigationItemClass={true}
  offset={100}
  title="title"
  to="to"
>
  <Link
    className="[object Object]"
    duration={500}
    offset={100}
    onSetActive={[Function]}
    onSetInactive={[Function]}
    smooth={true}
    spy={true}
    to="to"
  >
    <div>
      <span
        className=""
      >
        title
      </span>
      <span
        className=""
      />
    </div>
  </Link>
</LinkTo>
`;

exports[`<LinkTo /> <LinkToContainer /> 1`] = `
<div>
  <span
    className=""
  >
    title
  </span>
  <span
    className="LinkTo-spanClass-3"
  />
</div>
`;
