// Jest Snapshot v1, https://goo.gl/fbAQLP

exports[`renders event 1`] = `
<div
  align="center"
  className="MuiGrid-typeContainer-5 MuiGrid-spacing-xs-16-26 MuiGrid-direction-xs-column-7"
>
  <div
    className="Event-date-1"
  >
    name1
  </div>
  <h3
    className="Event-header3-2"
  >
    abc
  </h3>
  <h4
    className="Event-header4-3"
  >
    abc
  </h4>
  <p
    className="Event-description-4"
  >
    red
  </p>
</div>
`;
