// Jest Snapshot v1, https://goo.gl/fbAQLP

exports[`renders event 1`] = `
<div
  className="MuiGrid-typeContainer-4 MuiGrid-spacing-xs-16-19 MuiGrid-direction-xs-column-6 MuiGrid-align-xs-center-10"
>
  <div
    className="Event-date-1"
  >
    name1
  </div>
  <h3
    className="Event-header3-2"
  >
    abc
  </h3>
  <h4
    className="Event-header4-3"
  >
    abc
  </h4>
  <p
    style={
      Object {
        "wordWrap": "normal",
      }
    }
  >
    red
  </p>
</div>
`;
