// Jest Snapshot v1, https://goo.gl/fbAQLP

exports[`<Experiences /> renders <ExperienceContainer /> 1`] = `
<div
  className="MuiGrid-typeContainer-5 MuiGrid-typeItem-6 MuiGrid-direction-xs-column-7 MuiGrid-justify-xs-center-21 MuiGrid-grid-xs-12-41 Experiences-container-1 [object Object]"
>
  <span
    className="SectionTitle-sectionTitle-94"
  >
    Work Experience
  </span>
  <div
    style={
      Object {
        "position": "relative",
      }
    }
  >
    <div
      className="Experiences-clear-4 [object Object]"
    >
      <div
        className="TimelineBar-bar-95 Experiences-barClass-2 [object Object]"
      />
    </div>
  </div>
</div>
`;

exports[`<Experiences /> renders <Experiences /> 1`] = `
<EventContainer
  alignment="RIGHT"
  classes={
    Object {
      "arrow": "EventContainer-arrow-105",
      "arrowLeft": "EventContainer-arrowLeft-107",
      "arrowRight": "EventContainer-arrowRight-106",
      "bigScreenBox": "EventContainer-bigScreenBox-101",
      "boxLeft": "EventContainer-boxLeft-102",
      "boxRight": "EventContainer-boxRight-103",
      "date": "EventContainer-date-100",
      "dot": "EventContainer-dot-104",
      "dotLeft": "EventContainer-dotLeft-109",
      "dotRight": "EventContainer-dotRight-108",
      "paper": "EventContainer-paper-97",
      "paperLeft": "EventContainer-paperLeft-98",
      "paperRight": "EventContainer-paperRight-99",
      "smallScreenBox": "EventContainer-smallScreenBox-96",
    }
  }
>
  <withStyles(Event)
    company="company"
    description="description"
    title="title"
    year="year"
  />
</EventContainer>
`;
