// Jest Snapshot v1, https://goo.gl/fbAQLP

exports[`renders timeline 1`] = `
<div
  className="MuiGrid-typeContainer-5 MuiGrid-typeItem-6 MuiGrid-direction-xs-column-7 MuiGrid-justify-xs-center-21 MuiGrid-grid-xs-12-41 Experiences-container-1"
>
  <span
    className="SectionTitle-sectionTitle-94"
  >
    Work Experience
  </span>
  <div
    style={
      Object {
        "position": "relative",
      }
    }
  >
    <div
      className="Experiences-clear-4"
    >
      <div
        className="TimelineBar-bar-95 Experiences-barClass-2"
      />
    </div>
  </div>
</div>
`;
