// Jest Snapshot v1, https://goo.gl/fbAQLP

exports[`<Experiences /> renders <ExperienceContainer /> 1`] = `
<div
  className="MuiGrid-container-5 MuiGrid-item-6 MuiGrid-direction-xs-column-8 MuiGrid-justify-xs-center-22 MuiGrid-grid-xs-12-45 Experiences-container-1 [object Object]"
>
  <span
    className="SectionTitle-sectionTitle-102"
  >
    Work Experience
  </span>
  <div
    style={
      Object {
        "position": "relative",
      }
    }
  >
    <div
      className="Experiences-clear-4 [object Object]"
    >
      <div
        className="TimelineBar-bar-103 Experiences-barClass-2 [object Object]"
      />
    </div>
  </div>
</div>
`;

exports[`<Experiences /> renders <Experiences /> 1`] = `
<EventContainer
  alignment="RIGHT"
  classes={
    Object {
      "arrow": "EventContainer-arrow-113",
      "arrowLeft": "EventContainer-arrowLeft-115",
      "arrowRight": "EventContainer-arrowRight-114",
      "bigScreenBox": "EventContainer-bigScreenBox-109",
      "boxLeft": "EventContainer-boxLeft-110",
      "boxRight": "EventContainer-boxRight-111",
      "date": "EventContainer-date-108",
      "dot": "EventContainer-dot-112",
      "dotLeft": "EventContainer-dotLeft-117",
      "dotRight": "EventContainer-dotRight-116",
      "paper": "EventContainer-paper-105",
      "paperLeft": "EventContainer-paperLeft-106",
      "paperRight": "EventContainer-paperRight-107",
      "smallScreenBox": "EventContainer-smallScreenBox-104",
    }
  }
>
  <WithStyles(Event)
    company="company"
    description="description"
    title="title"
    year="year"
  />
</EventContainer>
`;
