// Jest Snapshot v1, https://goo.gl/fbAQLP

exports[`renders map 1`] = `
<div
  className="MuiPaper-root-5 MuiPaper-shadow2-9 MuiPaper-rounded-6 MapContainer-container-1"
>
  <div
    className="MuiGrid-typeContainer-32 MuiGrid-direction-xs-column-34 MapContainer-gridContainer-3"
  >
    <div
      className="MuiGrid-typeItem-33 MapContainer-contactContainer-2"
    >
      <div
        className="MuiGrid-typeContainer-32 MuiGrid-typeItem-33 MuiGrid-spacing-xs-24-54 MuiGrid-direction-xs-column-34"
      >
        <div
          align="stretch"
          className="MuiGrid-typeContainer-32 MuiGrid-typeItem-33 MuiGrid-spacing-xs-24-54"
        >
          <div
            className="MuiGrid-typeItem-33 MuiGrid-grid-xs-12-68 MuiGrid-grid-md-3-85 ContactInfo-profileListItem-122"
          >
            Address:
          </div>
          <div
            className="MuiGrid-typeItem-33 MuiGrid-grid-xs-12-68 MuiGrid-grid-md-9-91 ContactInfo-profileListItemValue-123"
          >
            Pune, India
          </div>
        </div>
        <div
          align="center"
          className="MuiGrid-typeContainer-32 MuiGrid-typeItem-33 MuiGrid-spacing-xs-24-54 MuiGrid-justify-xs-center-48"
        >
          <div
            className="MuiGrid-typeItem-33 MuiGrid-grid-xs-12-68 MuiGrid-grid-md-3-85 ContactInfo-profileListItem-122"
          >
            Email:
          </div>
          <div
            className="MuiGrid-typeItem-33 MuiGrid-grid-xs-12-68 MuiGrid-grid-md-9-91 ContactInfo-profileListItemValue-123"
          >
            <a
              className="ContactInfo-profileValueAItemValue-124"
              href="mailto:durgaprasad.budhwani@gmail.com"
            >
              durgaprasad.budhwani@gmail.com
            </a>
          </div>
        </div>
        <div
          align="center"
          className="MuiGrid-typeContainer-32 MuiGrid-typeItem-33 MuiGrid-spacing-xs-24-54 MuiGrid-justify-xs-center-48"
        >
          <div
            className="MuiGrid-typeItem-33 MuiGrid-grid-xs-12-68 MuiGrid-grid-md-3-85 ContactInfo-profileListItem-122"
          >
            Phone:
          </div>
          <div
            className="MuiGrid-typeItem-33 MuiGrid-grid-xs-12-68 MuiGrid-grid-md-9-91 ContactInfo-profileListItemValue-123"
          >
            <a
              className="ContactInfo-profileValueAItemValue-124"
              href="tel:+91-9545251359"
            >
              +91-9545251359
            </a>
          </div>
        </div>
      </div>
    </div>
    <div
      className="MuiGrid-typeItem-33 MuiGrid-grid-xs-12-68 MapContainer-mapContainer-4"
    >
      <div />
    </div>
  </div>
</div>
`;
