// Jest Snapshot v1, https://goo.gl/fbAQLP

exports[`renders map 1`] = `
<div
  className="MuiGrid-typeContainer-4 MuiGrid-spacing-xs-16-25 MuiGrid-direction-xs-column-6 MapContainer-container-1"
>
  <div
    className="MuiGrid-typeItem-5 MapContainer-contactContainer-2"
  >
    <div
      className="MuiGrid-typeContainer-4 MuiGrid-typeItem-5 MuiGrid-spacing-xs-24-26 MuiGrid-direction-xs-column-6"
    >
      <div
        align="center"
        className="MuiGrid-typeContainer-4 MuiGrid-typeItem-5 MuiGrid-spacing-xs-24-26 MuiGrid-justify-xs-center-20"
      >
        <div
          className="MuiGrid-typeItem-5 MuiGrid-grid-xs-3-31 ContactInfo-profileListItem-94"
        >
          Address:
        </div>
        <div
          className="MuiGrid-typeItem-5 MuiGrid-grid-xs-9-37 ContactInfo-profileListItemValue-95"
        >
          Pune, India
        </div>
      </div>
      <div
        align="center"
        className="MuiGrid-typeContainer-4 MuiGrid-typeItem-5 MuiGrid-spacing-xs-24-26 MuiGrid-justify-xs-center-20"
      >
        <div
          className="MuiGrid-typeItem-5 MuiGrid-grid-xs-3-31 ContactInfo-profileListItem-94"
        >
          Email:
        </div>
        <div
          className="MuiGrid-typeItem-5 MuiGrid-grid-xs-9-37 ContactInfo-profileListItemValue-95"
        >
          <a
            className="ContactInfo-profileValueAItemValue-96"
            href="mailto:durgaprasad.budhwani@gmail.com"
          >
            durgaprasad.budhwani@gmail.com
          </a>
        </div>
      </div>
      <div
        align="center"
        className="MuiGrid-typeContainer-4 MuiGrid-typeItem-5 MuiGrid-spacing-xs-24-26 MuiGrid-justify-xs-center-20"
      >
        <div
          className="MuiGrid-typeItem-5 MuiGrid-grid-xs-3-31 ContactInfo-profileListItem-94"
        >
          Phone:
        </div>
        <div
          className="MuiGrid-typeItem-5 MuiGrid-grid-xs-9-37 ContactInfo-profileListItemValue-95"
        >
          <a
            className="ContactInfo-profileValueAItemValue-96"
            href="tel:+91-9545251359"
          >
            +91-9545251359
          </a>
        </div>
      </div>
    </div>
  </div>
  <div
    className="MuiGrid-typeItem-5 MuiGrid-grid-xs-28 MapContainer-mapContainer-3"
  >
    <div />
  </div>
</div>
`;
