// Jest Snapshot v1, https://goo.gl/fbAQLP

exports[`renders contact 1`] = `
<div
  className="MuiGrid-container-3 MuiGrid-direction-xs-column-6 MuiGrid-align-items-xs-center-11 About-container-1"
>
  <span
    className="SectionTitle-sectionTitle-100"
  >
    Contact Me
  </span>
  <div
    className="MuiGrid-container-3 MuiGrid-justify-xs-space-between-22"
  >
    <div
      className="MuiGrid-item-4 MuiGrid-grid-xs-12-43 MuiGrid-grid-lg-6-79 About-itemContainer-2"
    >
      <div
        className="MuiPaper-root-103 MuiPaper-elevation2-107 MuiPaper-rounded-104 ContactForm-container-101"
      >
        <form
          action="https://formspree.io/durgaprasad.budhwani@gmail.com."
          method="post"
        >
          <div
            className="MuiGrid-container-3 MuiGrid-direction-xs-column-6 MuiGrid-justify-xs-center-20"
          >
            <h2
              style={
                Object {
                  "marginBottom": 0,
                }
              }
            >
              Feel free to contact me
            </h2>
            <div
              className="MuiFormControl-root-130 MuiFormControl-marginNormal-131"
            >
              <label
                className="MuiFormLabel-root-145 MuiFormLabel-required-150 MuiInputLabel-required-138 MuiInputLabel-root-134 MuiInputLabel-formControl-139 MuiInputLabel-animated-142"
                data-shrink={false}
                htmlFor="name"
              >
                NAME
                <span
                  className="MuiFormLabel-asterisk-151"
                >
                   *
                </span>
              </label>
              <div
                className="MuiInputBase-root-165 MuiInput-root-152 MuiInput-underline-156 MuiInputBase-formControl-166 MuiInput-formControl-153"
                onClick={[Function]}
              >
                <input
                  aria-invalid={false}
                  className="MuiInputBase-input-175 MuiInput-input-160"
                  disabled={false}
                  id="name"
                  name="name"
                  onBlur={[Function]}
                  onChange={[Function]}
                  onFocus={[Function]}
                  required={true}
                  type="text"
                />
              </div>
            </div>
            <div
              className="MuiFormControl-root-130 MuiFormControl-marginNormal-131"
            >
              <label
                className="MuiFormLabel-root-145 MuiFormLabel-required-150 MuiInputLabel-required-138 MuiInputLabel-root-134 MuiInputLabel-formControl-139 MuiInputLabel-animated-142"
                data-shrink={false}
                htmlFor="email"
              >
                EMAIL
                <span
                  className="MuiFormLabel-asterisk-151"
                >
                   *
                </span>
              </label>
              <div
                className="MuiInputBase-root-165 MuiInput-root-152 MuiInput-underline-156 MuiInputBase-formControl-166 MuiInput-formControl-153"
                onClick={[Function]}
              >
                <input
                  aria-invalid={false}
                  className="MuiInputBase-input-175 MuiInput-input-160 MuiInputBase-inputType-178 MuiInput-inputType-163"
                  disabled={false}
                  id="email"
                  name="email"
                  onBlur={[Function]}
                  onChange={[Function]}
                  onFocus={[Function]}
                  required={true}
                  type="email"
                />
              </div>
            </div>
            <div
              className="MuiFormControl-root-130 MuiFormControl-marginNormal-131"
            >
              <label
                className="MuiFormLabel-root-145 MuiFormLabel-required-150 MuiInputLabel-required-138 MuiInputLabel-root-134 MuiInputLabel-formControl-139 MuiInputLabel-animated-142"
                data-shrink={false}
                htmlFor="subject"
              >
                SUBJECT
                <span
                  className="MuiFormLabel-asterisk-151"
                >
                   *
                </span>
              </label>
              <div
                className="MuiInputBase-root-165 MuiInput-root-152 MuiInput-underline-156 MuiInputBase-formControl-166 MuiInput-formControl-153"
                onClick={[Function]}
              >
                <input
                  aria-invalid={false}
                  className="MuiInputBase-input-175 MuiInput-input-160"
                  disabled={false}
                  id="subject"
                  name="subject"
                  onBlur={[Function]}
                  onChange={[Function]}
                  onFocus={[Function]}
                  required={true}
                  type="text"
                />
              </div>
            </div>
            <div
              className="MuiFormControl-root-130 MuiFormControl-marginNormal-131"
            >
              <label
                className="MuiFormLabel-root-145 MuiFormLabel-required-150 MuiInputLabel-required-138 MuiInputLabel-root-134 MuiInputLabel-formControl-139 MuiInputLabel-animated-142"
                data-shrink={false}
                htmlFor="message"
              >
                MESSAGE
                <span
                  className="MuiFormLabel-asterisk-151"
                >
                   *
                </span>
              </label>
              <div
                className="MuiInputBase-root-165 MuiInput-root-152 MuiInput-underline-156 MuiInputBase-formControl-166 MuiInput-formControl-153 MuiInputBase-multiline-173 MuiInput-multiline-158"
                onClick={[Function]}
              >
                <div
                  className="MuiPrivateTextarea-root-182"
                >
                  <textarea
                    aria-hidden="true"
                    className="MuiPrivateTextarea-textarea-183 MuiPrivateTextarea-shadow-184"
                    readOnly={true}
                    rows="1"
                    tabIndex={-1}
                    value=""
                  />
                  <textarea
                    aria-hidden="true"
                    className="MuiPrivateTextarea-textarea-183 MuiPrivateTextarea-shadow-184"
                    readOnly={true}
                    rows={1}
                    tabIndex={-1}
                  />
                  <textarea
                    aria-invalid={false}
                    className="MuiPrivateTextarea-textarea-183 MuiInputBase-input-175 MuiInput-input-160 MuiInputBase-inputMultiline-177 MuiInput-inputMultiline-162"
                    disabled={false}
                    id="message"
                    name="message"
                    onBlur={[Function]}
                    onChange={[Function]}
                    onFocus={[Function]}
                    required={true}
                    rows={1}
                    style={
                      Object {
                        "height": 19,
                      }
                    }
                  />
                </div>
              </div>
            </div>
            <div>
              <button
                className="MuiButtonBase-root-211 MuiButton-root-185 MuiButton-contained-196 MuiButton-containedPrimary-197 MuiButton-raised-199 MuiButton-raisedPrimary-200 ContactForm-button-102"
                disabled={false}
                onBlur={[Function]}
                onContextMenu={[Function]}
                onFocus={[Function]}
                onKeyDown={[Function]}
                onKeyUp={[Function]}
                onMouseDown={[Function]}
                onMouseLeave={[Function]}
                onMouseUp={[Function]}
                onTouchEnd={[Function]}
                onTouchMove={[Function]}
                onTouchStart={[Function]}
                tabIndex="0"
                type="submit"
              >
                <span
                  className="MuiButton-label-186"
                >
                  SEND
                </span>
                <span
                  className="MuiTouchRipple-root-222"
                />
              </button>
            </div>
          </div>
        </form>
      </div>
    </div>
    <div
      className="MuiGrid-item-4 MuiGrid-grid-xs-12-43 MuiGrid-grid-lg-6-79 About-itemContainer-2"
    >
      <div
        className="MuiPaper-root-103 MuiPaper-elevation2-107 MuiPaper-rounded-104 MapContainer-container-214"
      >
        <div
          className="MuiGrid-container-3 MuiGrid-direction-xs-column-6 MapContainer-gridContainer-216"
        >
          <div
            className="MuiGrid-item-4 MapContainer-contactContainer-215"
          >
            <div
              className="MuiGrid-container-3 MuiGrid-item-4 MuiGrid-spacing-xs-24-27 MuiGrid-direction-xs-column-6"
            >
              <div
                align="stretch"
                className="MuiGrid-container-3 MuiGrid-item-4 MuiGrid-spacing-xs-24-27 MuiGrid-justify-xs-space-evenly-24"
              >
                <div
                  className="MuiGrid-item-4 MuiGrid-grid-xs-12-43 MuiGrid-grid-md-3-62 ContactInfo-profileListItem-219"
                >
                  Address:
                </div>
                <div
                  className="MuiGrid-item-4 MuiGrid-grid-xs-12-43 MuiGrid-grid-md-9-68 ContactInfo-profileListItemValue-220"
                >
                  Pune, India
                </div>
              </div>
              <div
                align="center"
                className="MuiGrid-container-3 MuiGrid-item-4 MuiGrid-spacing-xs-24-27 MuiGrid-justify-xs-center-20"
              >
                <div
                  className="MuiGrid-item-4 MuiGrid-grid-xs-12-43 MuiGrid-grid-md-3-62 ContactInfo-profileListItem-219"
                >
                  Email:
                </div>
                <div
                  className="MuiGrid-item-4 MuiGrid-grid-xs-12-43 MuiGrid-grid-md-9-68 ContactInfo-profileListItemValue-220"
                >
                  <a
                    className="ContactInfo-profileValueAItemValue-221"
                    href="mailto:durgaprasad.budhwani@gmail.com"
                  >
                    durgaprasad.budhwani@gmail.com
                  </a>
                </div>
              </div>
              <div
                align="center"
                className="MuiGrid-container-3 MuiGrid-item-4 MuiGrid-spacing-xs-24-27 MuiGrid-justify-xs-center-20"
              >
                <div
                  className="MuiGrid-item-4 MuiGrid-grid-xs-12-43 MuiGrid-grid-md-3-62 ContactInfo-profileListItem-219"
                >
                  Phone:
                </div>
                <div
                  className="MuiGrid-item-4 MuiGrid-grid-xs-12-43 MuiGrid-grid-md-9-68 ContactInfo-profileListItemValue-220"
                >
                  <a
                    className="ContactInfo-profileValueAItemValue-221"
                    href="tel:+91-9545251359"
                  >
                    +91-9545251359
                  </a>
                </div>
              </div>
            </div>
          </div>
          <div
            className="MuiGrid-item-4 MuiGrid-grid-xs-12-43 MapContainer-mapContainer-217"
          >
            <div />
          </div>
        </div>
      </div>
    </div>
  </div>
</div>
`;
