// Jest Snapshot v1, https://goo.gl/fbAQLP

exports[`<Info /> renders <Info /> handle openTab event 1`] = `
<Info
  classes={
    Object {
      "button": Object {},
      "container": Object {},
      "info": Object {},
    }
  }
>
  <div
    className={Object {}}
  >
    <withStyles(Button)
      className={Object {}}
      color="contrast"
      onClick={[Function]}
      raised={true}
    >
      <Button
        className={Object {}}
        classes={
          Object {
            "colorInherit": "MuiButton-colorInherit-10",
            "dense": "MuiButton-dense-5",
            "disabled": "MuiButton-disabled-16",
            "fab": "MuiButton-fab-17",
            "flatAccent": "MuiButton-flatAccent-8",
            "flatContrast": "MuiButton-flatContrast-9",
            "flatPrimary": "MuiButton-flatPrimary-7",
            "keyboardFocused": "MuiButton-keyboardFocused-12",
            "label": "MuiButton-label-6",
            "raised": "MuiButton-raised-11",
            "raisedAccent": "MuiButton-raisedAccent-14",
            "raisedContrast": "MuiButton-raisedContrast-15",
            "raisedPrimary": "MuiButton-raisedPrimary-13",
            "root": "MuiButton-root-4",
          }
        }
        color="contrast"
        dense={false}
        disableFocusRipple={false}
        disableRipple={false}
        disabled={false}
        fab={false}
        onClick={[Function]}
        raised={true}
        type="button"
      >
        <withStyles(ButtonBase)
          className="MuiButton-root-4 MuiButton-raised-11 MuiButton-raisedContrast-15"
          disableRipple={false}
          disabled={false}
          focusRipple={true}
          keyboardFocusedClassName="MuiButton-keyboardFocused-12"
          onClick={[Function]}
          type="button"
        >
          <ButtonBase
            centerRipple={false}
            className="MuiButton-root-4 MuiButton-raised-11 MuiButton-raisedContrast-15"
            classes={
              Object {
                "disabled": "MuiButtonBase-disabled-19",
                "root": "MuiButtonBase-root-18",
              }
            }
            disableRipple={false}
            disabled={false}
            focusRipple={true}
            keyboardFocusedClassName="MuiButton-keyboardFocused-12"
            onClick={[Function]}
            tabIndex={0}
            type="button"
          >
            <button
              className="MuiButtonBase-root-18 MuiButton-root-4 MuiButton-raised-11 MuiButton-raisedContrast-15"
              disabled={false}
              onBlur={[Function]}
              onClick={[Function]}
              onFocus={[Function]}
              onKeyDown={[Function]}
              onKeyUp={[Function]}
              onMouseDown={[Function]}
              onMouseLeave={[Function]}
              onMouseUp={[Function]}
              onTouchEnd={[Function]}
              onTouchMove={[Function]}
              onTouchStart={[Function]}
              role="button"
              tabIndex={0}
              type="button"
            >
              <span
                className="MuiButton-label-6"
              >
                Download Resume
              </span>
              <withStyles(TouchRipple)
                center={false}
                innerRef={[Function]}
              >
                <TouchRipple
                  center={false}
                  classes={
                    Object {
                      "ripple": "MuiTouchRipple-ripple-24",
                      "rippleFast": "MuiTouchRipple-rippleFast-26",
                      "rippleVisible": "MuiTouchRipple-rippleVisible-25",
                      "root": "MuiTouchRipple-root-20",
                      "wrapper": "MuiTouchRipple-wrapper-21",
                      "wrapperLeaving": "MuiTouchRipple-wrapperLeaving-22",
                      "wrapperPulsating": "MuiTouchRipple-wrapperPulsating-23",
                    }
                  }
                >
                  <TransitionGroup
                    childFactory={[Function]}
                    className="MuiTouchRipple-root-20"
                    component="span"
                    enter={true}
                    exit={true}
                  >
                    <span
                      className="MuiTouchRipple-root-20"
                    />
                  </TransitionGroup>
                </TouchRipple>
              </withStyles(TouchRipple)>
            </button>
          </ButtonBase>
        </withStyles(ButtonBase)>
      </Button>
    </withStyles(Button)>
    <p
      className={Object {}}
    >
      Hello! I am Durgaprasad Budhwani. Full Stack Developer specializing in web, desktop, mobile design and development, I maintain a healthy balance between functionality and visual impact in all my work. I believe every piece of design can be a work of art. 
    </p>
  </div>
</Info>
`;

exports[`<Info /> renders <InfoContainer /> 1`] = `
<div
  className="Info-container-1"
>
  <button
    className="MuiButtonBase-root-18 MuiButton-root-4 MuiButton-raised-11 MuiButton-raisedContrast-15 Info-button-3"
    disabled={false}
    onBlur={[Function]}
    onClick={[Function]}
    onFocus={[Function]}
    onKeyDown={[Function]}
    onKeyUp={[Function]}
    onMouseDown={[Function]}
    onMouseLeave={[Function]}
    onMouseUp={[Function]}
    onTouchEnd={[Function]}
    onTouchMove={[Function]}
    onTouchStart={[Function]}
    role="button"
    tabIndex={0}
    type="button"
  >
    <span
      className="MuiButton-label-6"
    >
      Download Resume
    </span>
    <span
      className="MuiTouchRipple-root-20"
    />
  </button>
  <p
    className="Info-info-2"
  >
    Hello! I am Durgaprasad Budhwani. Full Stack Developer specializing in web, desktop, mobile design and development, I maintain a healthy balance between functionality and visual impact in all my work. I believe every piece of design can be a work of art. 
  </p>
</div>
`;
