// Jest Snapshot v1, https://goo.gl/fbAQLP

exports[`renders contact form 1`] = `
<div
  className="MuiPaper-root-3 MuiPaper-shadow2-7 MuiPaper-rounded-4 ContactForm-container-1"
>
  <form
    action="http://formspree.io/durgaprasad.budhwani@gmail.com"
    method="post"
  >
    <div
      className="MuiGrid-typeContainer-30 MuiGrid-direction-xs-column-32 MuiGrid-justify-xs-center-46"
    >
      <h2
        style={
          Object {
            "marginBottom": 0,
          }
        }
      >
        Feel free to contact me
      </h2>
      <div
        className="MuiFormControl-root-119 MuiFormControl-marginNormal-120"
        onBlur={[Function]}
        onFocus={[Function]}
        required={true}
      >
        <label
          className="MuiFormLabel-root-129 MuiInputLabel-root-123 MuiInputLabel-formControl-124 MuiInputLabel-animated-127"
          data-shrink={false}
          htmlFor="name"
        >
          NAME
          <span
            className=""
          >
             *
          </span>
        </label>
        <div
          className="MuiInput-root-133 MuiInput-formControl-134 MuiInput-inkbar-135 MuiInput-underline-139"
          onBlur={[Function]}
          onFocus={[Function]}
        >
          <input
            autoComplete={undefined}
            autoFocus={undefined}
            className="MuiInput-input-142 MuiInput-inputSingleline-145"
            defaultValue={undefined}
            disabled={false}
            id="name"
            name="name"
            onChange={[Function]}
            onKeyDown={undefined}
            onKeyUp={undefined}
            placeholder={undefined}
            readOnly={undefined}
            required={true}
            rows={undefined}
            type="text"
            value={undefined}
          />
        </div>
      </div>
      <div
        className="MuiFormControl-root-119 MuiFormControl-marginNormal-120"
        onBlur={[Function]}
        onFocus={[Function]}
        required={true}
      >
        <label
          className="MuiFormLabel-root-129 MuiInputLabel-root-123 MuiInputLabel-formControl-124 MuiInputLabel-animated-127"
          data-shrink={false}
          htmlFor="email"
        >
          EMAIL
          <span
            className=""
          >
             *
          </span>
        </label>
        <div
          className="MuiInput-root-133 MuiInput-formControl-134 MuiInput-inkbar-135 MuiInput-underline-139"
          onBlur={[Function]}
          onFocus={[Function]}
        >
          <input
            autoComplete={undefined}
            autoFocus={undefined}
            className="MuiInput-input-142 MuiInput-inputSingleline-145"
            defaultValue={undefined}
            disabled={false}
            id="email"
            name="email"
            onChange={[Function]}
            onKeyDown={undefined}
            onKeyUp={undefined}
            placeholder={undefined}
            readOnly={undefined}
            required={true}
            rows={undefined}
            type="email"
            value={undefined}
          />
        </div>
      </div>
      <div
        className="MuiFormControl-root-119 MuiFormControl-marginNormal-120"
        onBlur={[Function]}
        onFocus={[Function]}
        required={true}
      >
        <label
          className="MuiFormLabel-root-129 MuiInputLabel-root-123 MuiInputLabel-formControl-124 MuiInputLabel-animated-127"
          data-shrink={false}
          htmlFor="subject"
        >
          SUBJECT
          <span
            className=""
          >
             *
          </span>
        </label>
        <div
          className="MuiInput-root-133 MuiInput-formControl-134 MuiInput-inkbar-135 MuiInput-underline-139"
          onBlur={[Function]}
          onFocus={[Function]}
        >
          <input
            autoComplete={undefined}
            autoFocus={undefined}
            className="MuiInput-input-142 MuiInput-inputSingleline-145"
            defaultValue={undefined}
            disabled={false}
            id="subject"
            name="subject"
            onChange={[Function]}
            onKeyDown={undefined}
            onKeyUp={undefined}
            placeholder={undefined}
            readOnly={undefined}
            required={true}
            rows={undefined}
            type="text"
            value={undefined}
          />
        </div>
      </div>
      <div
        className="MuiFormControl-root-119 MuiFormControl-marginNormal-120"
        onBlur={[Function]}
        onFocus={[Function]}
        required={true}
      >
        <label
          className="MuiFormLabel-root-129 MuiInputLabel-root-123 MuiInputLabel-formControl-124 MuiInputLabel-animated-127"
          data-shrink={false}
          htmlFor="message"
        >
          MESSAGE
          <span
            className=""
          >
             *
          </span>
        </label>
        <div
          className="MuiInput-root-133 MuiInput-formControl-134 MuiInput-inkbar-135 MuiInput-multiline-140 MuiInput-underline-139"
          onBlur={[Function]}
          onFocus={[Function]}
        >
          <div
            className="MuiTextarea-root-148"
            style={
              Object {
                "height": 24,
              }
            }
          >
            <textarea
              aria-hidden="true"
              className="MuiTextarea-shadow-150 MuiTextarea-textarea-149"
              readOnly={true}
              rows="1"
              tabIndex={-1}
              value=""
            />
            <textarea
              aria-hidden="true"
              className="MuiTextarea-shadow-150 MuiTextarea-textarea-149"
              defaultValue={undefined}
              readOnly={true}
              rows={1}
              tabIndex={-1}
              value={undefined}
            />
            <textarea
              autoComplete={undefined}
              autoFocus={undefined}
              className="MuiTextarea-textarea-149 MuiInput-input-142 MuiInput-inputMultiline-146"
              defaultValue={undefined}
              disabled={false}
              id="message"
              name="message"
              onChange={[Function]}
              onKeyDown={undefined}
              onKeyUp={undefined}
              placeholder={undefined}
              readOnly={undefined}
              required={true}
              rows={1}
              type="text"
              value={undefined}
            />
          </div>
        </div>
      </div>
      <div>
        <button
          className="MuiButtonBase-root-165 MuiButton-root-151 MuiButton-raised-158 MuiButton-raisedPrimary-160 ContactForm-button-2"
          disabled={false}
          onBlur={[Function]}
          onFocus={[Function]}
          onKeyDown={[Function]}
          onKeyUp={[Function]}
          onMouseDown={[Function]}
          onMouseLeave={[Function]}
          onMouseUp={[Function]}
          onTouchEnd={[Function]}
          onTouchMove={[Function]}
          onTouchStart={[Function]}
          role="button"
          tabIndex={0}
          type="submit"
        >
          <span
            className="MuiButton-label-153"
          >
            SEND
          </span>
          <span
            className="MuiTouchRipple-root-167"
          />
        </button>
      </div>
    </div>
  </form>
</div>
`;
