// Jest Snapshot v1, https://goo.gl/fbAQLP

exports[`renders contact form 1`] = `
<div
  className="MuiPaper-root-3 MuiPaper-elevation2-7 MuiPaper-rounded-4 ContactForm-container-1"
>
  <form
    action="http://formspree.io/durgaprasad.budhwani@gmail.com"
    method="post"
  >
    <div
      className="MuiGrid-container-30 MuiGrid-direction-xs-column-33 MuiGrid-justify-xs-center-47"
    >
      <h2
        style={
          Object {
            "marginBottom": 0,
          }
        }
      >
        Feel free to contact me
      </h2>
      <div
        className="MuiFormControl-root-127 MuiFormControl-marginNormal-128"
      >
        <label
          className="MuiFormLabel-root-138 MuiFormLabel-required-143 MuiInputLabel-root-131 MuiInputLabel-formControl-132 MuiInputLabel-animated-135"
          data-shrink={false}
          htmlFor="name"
        >
          NAME
          <span
            className="MuiFormLabel-asterisk-144"
          >
             *
          </span>
        </label>
        <div
          className="MuiInputBase-root-158 MuiInput-root-145 MuiInput-underline-149 MuiInputBase-formControl-159 MuiInput-formControl-146"
          onClick={[Function]}
        >
          <input
            aria-invalid={false}
            className="MuiInputBase-input-168 MuiInput-input-153"
            disabled={false}
            id="name"
            name="name"
            onBlur={[Function]}
            onChange={[Function]}
            onFocus={[Function]}
            required={true}
            type="text"
          />
        </div>
      </div>
      <div
        className="MuiFormControl-root-127 MuiFormControl-marginNormal-128"
      >
        <label
          className="MuiFormLabel-root-138 MuiFormLabel-required-143 MuiInputLabel-root-131 MuiInputLabel-formControl-132 MuiInputLabel-animated-135"
          data-shrink={false}
          htmlFor="email"
        >
          EMAIL
          <span
            className="MuiFormLabel-asterisk-144"
          >
             *
          </span>
        </label>
        <div
          className="MuiInputBase-root-158 MuiInput-root-145 MuiInput-underline-149 MuiInputBase-formControl-159 MuiInput-formControl-146"
          onClick={[Function]}
        >
          <input
            aria-invalid={false}
            className="MuiInputBase-input-168 MuiInput-input-153 MuiInputBase-inputType-171 MuiInput-inputType-156"
            disabled={false}
            id="email"
            name="email"
            onBlur={[Function]}
            onChange={[Function]}
            onFocus={[Function]}
            required={true}
            type="email"
          />
        </div>
      </div>
      <div
        className="MuiFormControl-root-127 MuiFormControl-marginNormal-128"
      >
        <label
          className="MuiFormLabel-root-138 MuiFormLabel-required-143 MuiInputLabel-root-131 MuiInputLabel-formControl-132 MuiInputLabel-animated-135"
          data-shrink={false}
          htmlFor="subject"
        >
          SUBJECT
          <span
            className="MuiFormLabel-asterisk-144"
          >
             *
          </span>
        </label>
        <div
          className="MuiInputBase-root-158 MuiInput-root-145 MuiInput-underline-149 MuiInputBase-formControl-159 MuiInput-formControl-146"
          onClick={[Function]}
        >
          <input
            aria-invalid={false}
            className="MuiInputBase-input-168 MuiInput-input-153"
            disabled={false}
            id="subject"
            name="subject"
            onBlur={[Function]}
            onChange={[Function]}
            onFocus={[Function]}
            required={true}
            type="text"
          />
        </div>
      </div>
      <div
        className="MuiFormControl-root-127 MuiFormControl-marginNormal-128"
      >
        <label
          className="MuiFormLabel-root-138 MuiFormLabel-required-143 MuiInputLabel-root-131 MuiInputLabel-formControl-132 MuiInputLabel-animated-135"
          data-shrink={false}
          htmlFor="message"
        >
          MESSAGE
          <span
            className="MuiFormLabel-asterisk-144"
          >
             *
          </span>
        </label>
        <div
          className="MuiInputBase-root-158 MuiInput-root-145 MuiInput-underline-149 MuiInputBase-formControl-159 MuiInput-formControl-146 MuiInputBase-multiline-166 MuiInput-multiline-151"
          onClick={[Function]}
        >
          <div
            className="MuiPrivateTextarea-root-175"
          >
            <textarea
              aria-hidden="true"
              className="MuiPrivateTextarea-textarea-176 MuiPrivateTextarea-shadow-177"
              readOnly={true}
              rows="1"
              tabIndex={-1}
              value=""
            />
            <textarea
              aria-hidden="true"
              className="MuiPrivateTextarea-textarea-176 MuiPrivateTextarea-shadow-177"
              readOnly={true}
              rows={1}
              tabIndex={-1}
            />
            <textarea
              aria-invalid={false}
              className="MuiPrivateTextarea-textarea-176 MuiInputBase-input-168 MuiInput-input-153 MuiInputBase-inputMultiline-170 MuiInput-inputMultiline-155"
              disabled={false}
              id="message"
              name="message"
              onBlur={[Function]}
              onChange={[Function]}
              onFocus={[Function]}
              required={true}
              rows={1}
              style={
                Object {
                  "height": 19,
                }
              }
            />
          </div>
        </div>
      </div>
      <div>
        <button
          className="MuiButtonBase-root-204 MuiButton-root-178 MuiButton-text-180 MuiButton-textPrimary-181 MuiButton-flat-183 MuiButton-flatPrimary-184 ContactForm-button-2"
          disabled={false}
          onBlur={[Function]}
          onFocus={[Function]}
          onKeyDown={[Function]}
          onKeyUp={[Function]}
          onMouseDown={[Function]}
          onMouseLeave={[Function]}
          onMouseUp={[Function]}
          onTouchEnd={[Function]}
          onTouchMove={[Function]}
          onTouchStart={[Function]}
          raised={true}
          tabIndex="0"
          type="submit"
        >
          <span
            className="MuiButton-label-179"
          >
            SEND
          </span>
          <span
            className="MuiTouchRipple-root-207"
          />
        </button>
      </div>
    </div>
  </form>
</div>
`;
