// Jest Snapshot v1, https://goo.gl/fbAQLP

exports[`renders blog container 1`] = `
<div
  className=""
>
  <span
    className="SectionTitle-sectionTitle-86"
  >
    Articles
  </span>
  <div
    className="MuiGrid-typeContainer-3 MuiGrid-typeItem-4 MuiGrid-spacing-xs-8-17 MuiGrid-justify-xs-space-between-15 MuiGrid-grid-xs-12-33"
  />
</div>
`;
