// Jest Snapshot v1, https://goo.gl/fbAQLP

exports[`<Skills /> renders <Skills /> 1`] = `
<SkillBar
  classes={
    Object {
      "button": "SkillBar-button-131",
      "container": "SkillBar-container-132",
      "label": "SkillBar-label-129",
      "labelContainer": "SkillBar-labelContainer-130",
    }
  }
  color="primary"
  completed={10}
  name="abc"
  size={6}
/>
`;

exports[`<Skills /> renders <SkillsContainer /> 1`] = `
<div
  align="stretch"
  className="MuiGrid-container-4 MuiGrid-direction-xs-column-7 MuiGrid-justify-xs-center-21"
  id="skills"
>
  <span
    className="SectionTitle-sectionTitle-101"
  >
    Professional Skills
  </span>
  <div
    className="MuiPaper-root-102 MuiPaper-elevation2-106 MuiPaper-rounded-103 Skills-root-1"
  >
    <div
      className="MuiGrid-container-4 MuiGrid-item-5 MuiGrid-justify-xs-space-between-23 MuiGrid-grid-xs-12-44"
    />
  </div>
</div>
`;
