// Jest Snapshot v1, https://goo.gl/fbAQLP

exports[`renders skill bar 1`] = `
<div
  align="stretch"
  className="MuiGrid-typeContainer-4 MuiGrid-direction-xs-column-6 MuiGrid-justify-xs-center-20"
  id="skills"
>
  <span
    className="SectionTitle-sectionTitle-93"
  >
    Professional Skills
  </span>
  <div
    className="MuiPaper-root-94 MuiPaper-shadow2-98 MuiPaper-rounded-95 Skilss-root-1"
  >
    <div
      className="MuiGrid-typeContainer-4 MuiGrid-typeItem-5 MuiGrid-spacing-xs-16-25 MuiGrid-justify-xs-space-between-22 MuiGrid-grid-xs-12-40"
    />
  </div>
</div>
`;
