// Jest Snapshot v1, https://goo.gl/fbAQLP

exports[`renders skill bar 1`] = `
<div
  className="MuiGrid-item-6 MuiGrid-grid-xs-12-45 MuiGrid-grid-lg-6-81"
>
  <div
    className="MuiGrid-container-5 MuiGrid-item-6 MuiGrid-justify-xs-space-between-24 SkillBar-labelContainer-2"
  >
    <span
      className="SkillBar-label-1"
    >
      name1
    </span>
    <span
      className="SkillBar-label-1"
    >
      60%
    </span>
  </div>
  <div
    aria-valuenow={60}
    className="MuiLinearProgress-root-102 MuiLinearProgress-colorPrimary-103 MuiLinearProgress-determinate-105"
    role="progressbar"
  >
    <div
      className="MuiLinearProgress-bar-112 MuiLinearProgress-barColorPrimary-113 MuiLinearProgress-bar1Determinate-116"
      style={
        Object {
          "transform": "scaleX(0.6)",
        }
      }
    />
  </div>
</div>
`;
