// Jest Snapshot v1, https://goo.gl/fbAQLP

exports[`renders skill bar 1`] = `
<div
  className="MuiGrid-item-6 MuiGrid-grid-xs-12-45 MuiGrid-grid-lg-6-81"
>
  <div
    className="MuiGrid-container-5 MuiGrid-item-6 MuiGrid-justify-xs-space-between-24 SkillBar-labelContainer-2"
  >
    <span
      className="SkillBar-label-1"
    >
      name1
    </span>
    <span
      className="SkillBar-label-1"
    >
      60%
    </span>
  </div>
  <div
    className="MuiLinearProgress-root-102 MuiLinearProgress-colorPrimary-103"
    mode="determinate"
    role="progressbar"
  >
    <div
      className="MuiLinearProgress-bar-110 MuiLinearProgress-barColorPrimary-111 MuiLinearProgress-bar1Indeterminate-113"
      style={Object {}}
    />
    <div
      className="MuiLinearProgress-bar-110 MuiLinearProgress-barColorPrimary-111 MuiLinearProgress-bar2Indeterminate-116"
      style={Object {}}
    />
  </div>
</div>
`;
