// Jest Snapshot v1, https://goo.gl/fbAQLP

exports[`renders course 1`] = `
<div
  align="stretch"
  className="MuiGrid-container-4 MuiGrid-direction-xs-column-7"
  style={
    Object {
      "paddingLeft": 20,
    }
  }
>
  <div>
    <span
      className="Bubble-container-101"
    >
      name1
    </span>
  </div>
  <h3
    className="Course-header3-2"
  >
    abc
  </h3>
  <p
    className="Course-header4-3"
  >
    'abc
  </p>
</div>
`;
