// Jest Snapshot v1, https://goo.gl/fbAQLP

exports[`renders education 1`] = `
<div
  className="MuiGrid-typeContainer-5 MuiGrid-direction-xs-column-7 Educations-container-1"
>
  <span
    className="SectionTitle-sectionTitle-94"
  >
    Education
  </span>
  <div
    style={
      Object {
        "position": "relative",
      }
    }
  >
    <div
      className="Educations-clear-3"
    >
      <div
        className="TimelineBar-bar-95 Educations-barClass-4"
      />
    </div>
  </div>
</div>
`;
